BMP280.c:14:6:_BMP280_Error	8	static
BMP280.c:22:9:_BMP280_I2Cx_WriteData	40	static
BMP280.c:30:9:_BMP280_I2Cx_ReadData	40	static
BMP280.c:39:6:_BMP280_I2Cx_ReadData16	40	static
BMP280.c:47:6:_BMP280_I2Cx_ReadData24	40	static
BMP280.c:55:6:_BMP280_WriteReg	16	static
BMP280.c:63:9:_BMP280_ReadReg	24	static
BMP280.c:69:9:_BMP280_ReadStatus	16	static
BMP280.c:77:6:_BMP280_ReadReg_U16	16	static
BMP280.c:83:6:_BMP280_ReadReg_S16	16	static
BMP280.c:89:6:_BMP280_ReadReg_BE_U24	16	static
BMP280.c:98:6:_BMP280_ReadCoefficients	8	static
BMP280.c:121:6:_BMP280_SetStandby	24	static
BMP280.c:131:6:_BMP280_SetFilter	24	static
BMP280.c:141:6:_BMP280_SetOversamplingPressure	24	static
BMP280.c:152:6:_BMP280_SetMode	24	static
BMP280.c:163:7:BMP280_ReadPressure	152	static
BMP280.c:193:6:BMP280_Init	16	static
