BMP280.c:14:6:_BMP280_Error	8	static
BMP280.c:21:9:_BMP280_I2Cx_WriteData	40	static
BMP280.c:29:9:_BMP280_I2Cx_ReadData	40	static
BMP280.c:38:6:_BMP280_I2Cx_ReadData16	40	static
BMP280.c:45:6:_BMP280_I2Cx_ReadData24	40	static
BMP280.c:52:6:_BMP280_WriteReg	16	static
BMP280.c:59:9:_BMP280_ReadReg	24	static
BMP280.c:65:9:_BMP280_ReadStatus	16	static
BMP280.c:73:6:_BMP280_ReadReg_U16	16	static
BMP280.c:78:6:_BMP280_ReadReg_S16	16	static
BMP280.c:83:6:_BMP280_ReadReg_U24	16	static
BMP280.c:89:6:_BMP280_ReadReg_BE_U24	16	static
BMP280.c:97:6:_BMP280_ReadCoefficients	8	static
BMP280.c:120:6:_BMP280_SetStandby	24	static
BMP280.c:129:6:_BMP280_SetFilter	24	static
BMP280.c:138:6:_BMP280_SetOversamplingPressure	24	static
BMP280.c:148:6:_BMP280_SetMode	24	static
BMP280.c:158:7:BMP280_ReadPressure	152	static
BMP280.c:188:6:BMP280_Init	16	static
