main.c:82:6:HAL_UARTEx_RxEventCallback	16	static
main.c:93:6:HAL_TIM_PeriodElapsedCallback	16	static
main.c:121:6:HAL_GPIO_EXTI_Callback	16	static
main.c:143:5:main	8	static
main.c:204:6:SystemClock_Config	72	static
main.c:242:13:MX_I2C1_Init	8	static
main.c:276:13:MX_I2C2_Init	8	static
main.c:310:13:MX_TIM1_Init	32	static
main.c:356:13:MX_USART1_UART_Init	8	static
main.c:389:13:MX_USART2_UART_Init	8	static
main.c:419:13:MX_DMA_Init	16	static
main.c:446:13:MX_GPIO_Init	40	static
main.c:508:6:Error_Handler	4	static,ignoring_inline_asm
