main.c:79:6:HAL_UARTEx_RxEventCallback	16	static
main.c:90:6:HAL_TIM_PeriodElapsedCallback	16	static
main.c:118:6:HAL_GPIO_EXTI_Callback	16	static
main.c:140:5:main	8	static
main.c:198:6:SystemClock_Config	72	static
main.c:236:13:MX_I2C1_Init	8	static
main.c:270:13:MX_I2C2_Init	8	static
main.c:304:13:MX_TIM1_Init	32	static
main.c:350:13:MX_USART1_UART_Init	8	static
main.c:383:13:MX_USART2_UART_Init	8	static
main.c:413:13:MX_DMA_Init	16	static
main.c:440:13:MX_GPIO_Init	40	static
main.c:502:6:Error_Handler	4	static,ignoring_inline_asm
