stm32f1xx_it.c:79:6:NMI_Handler	4	static
stm32f1xx_it.c:94:6:HardFault_Handler	4	static
stm32f1xx_it.c:109:6:MemManage_Handler	4	static
stm32f1xx_it.c:124:6:BusFault_Handler	4	static
stm32f1xx_it.c:139:6:UsageFault_Handler	4	static
stm32f1xx_it.c:154:6:SVC_Handler	4	static
stm32f1xx_it.c:167:6:DebugMon_Handler	4	static
stm32f1xx_it.c:180:6:PendSV_Handler	4	static
stm32f1xx_it.c:193:6:SysTick_Handler	8	static
stm32f1xx_it.c:214:6:EXTI0_IRQHandler	8	static
stm32f1xx_it.c:228:6:EXTI1_IRQHandler	8	static
stm32f1xx_it.c:242:6:EXTI2_IRQHandler	8	static
stm32f1xx_it.c:256:6:DMA1_Channel1_IRQHandler	8	static
stm32f1xx_it.c:270:6:DMA1_Channel4_IRQHandler	8	static
stm32f1xx_it.c:284:6:DMA1_Channel5_IRQHandler	8	static
stm32f1xx_it.c:298:6:DMA1_Channel6_IRQHandler	8	static
stm32f1xx_it.c:312:6:DMA1_Channel7_IRQHandler	8	static
stm32f1xx_it.c:326:6:TIM1_UP_IRQHandler	8	static
stm32f1xx_it.c:340:6:I2C1_EV_IRQHandler	8	static
stm32f1xx_it.c:354:6:I2C2_EV_IRQHandler	8	static
stm32f1xx_it.c:368:6:USART1_IRQHandler	8	static
stm32f1xx_it.c:382:6:USART2_IRQHandler	8	static
stm32f1xx_it.c:396:6:EXTI15_10_IRQHandler	8	static
