stm32f1xx_it.c:78:6:NMI_Handler	4	static
stm32f1xx_it.c:93:6:HardFault_Handler	4	static
stm32f1xx_it.c:108:6:MemManage_Handler	4	static
stm32f1xx_it.c:123:6:BusFault_Handler	4	static
stm32f1xx_it.c:138:6:UsageFault_Handler	4	static
stm32f1xx_it.c:153:6:SVC_Handler	4	static
stm32f1xx_it.c:166:6:DebugMon_Handler	4	static
stm32f1xx_it.c:179:6:PendSV_Handler	4	static
stm32f1xx_it.c:192:6:SysTick_Handler	8	static
stm32f1xx_it.c:213:6:EXTI0_IRQHandler	8	static
stm32f1xx_it.c:227:6:EXTI1_IRQHandler	8	static
stm32f1xx_it.c:241:6:DMA1_Channel4_IRQHandler	8	static
stm32f1xx_it.c:255:6:DMA1_Channel5_IRQHandler	8	static
stm32f1xx_it.c:269:6:DMA1_Channel6_IRQHandler	8	static
stm32f1xx_it.c:283:6:DMA1_Channel7_IRQHandler	8	static
stm32f1xx_it.c:297:6:TIM1_UP_IRQHandler	8	static
stm32f1xx_it.c:311:6:I2C1_EV_IRQHandler	8	static
stm32f1xx_it.c:325:6:I2C2_EV_IRQHandler	8	static
stm32f1xx_it.c:339:6:USART1_IRQHandler	8	static
stm32f1xx_it.c:353:6:USART2_IRQHandler	8	static
stm32f1xx_it.c:367:6:EXTI15_10_IRQHandler	8	static
